C51 COMPILER V9.01   DS18B20                                                               03/23/2018 15:21:45 PAGE 1   


C51 COMPILER V9.01, COMPILATION OF MODULE DS18B20
OBJECT MODULE PLACED IN ..\Outputs\ds18b20.obj
COMPILER INVOKED BY: D:\Dev\Keil\C51\BIN\C51.EXE ..\Hardware\ds18b20.c BROWSE INCDIR(..\User;..\Hardware) DEBUG OBJECTEX
                    -TEND PRINT(.\ds18b20.lst) OBJECT(..\Outputs\ds18b20.obj)

line level    source

   1          #include "ds18b20.h"
   2          #include "reg51.h"
   3          #include "intrins.h"
   4          #include "uart.h"
   5          
   6          sbit DQ = P3^6;
   7          uchar num = 0;          //DS18B20的数量
   8          uchar ids[MAX_NUM][8];
   9          
  10          void delay(uchar i){
  11   1              do{
  12   2                      _nop_();
  13   2                      _nop_();
  14   2                      _nop_();
  15   2                      i--;
  16   2              }while(i);
  17   1      }
  18          
  19          void ds18b20_init(){
  20   1              uchar x = 0;
  21   1              DQ = 1;           
  22   1              delay(10);        
  23   1              DQ = 0;          
  24   1              delay(120);       
  25   1              DQ = 1;          
  26   1              delay(16);       
  27   1              x = DQ;         
  28   1              delay(80);      
  29   1              DQ = 1;         
  30   1              P0 = x;
  31   1      }
  32          
  33          void ds18b20_write_bit(uchar b){
  34   1              DQ = 0;
  35   1              DQ = b&0x01;                    
  36   1              delay(12);                               
  37   1              DQ = 1;
  38   1              delay(5);       
  39   1      }
  40          
  41          void ds18b20_write(uchar byte){
  42   1              uchar i = 0;
  43   1              for(i=8;i>0;i--){
  44   2                      ds18b20_write_bit(byte & 0x01);
  45   2                      byte >>= 1;
  46   2              }       
  47   1      }
  48          
  49          uchar ds18b20_read_bit(){
  50   1              uchar bt;
  51   1              DQ = 0;                         
  52   1              delay(1);                       
  53   1              DQ = 1;                                 
  54   1              if(DQ)                  
C51 COMPILER V9.01   DS18B20                                                               03/23/2018 15:21:45 PAGE 2   

  55   1                      bt = 0x01;              
  56   1              delay(11);
  57   1      
  58   1              return bt;
  59   1      }
  60          
  61          uchar ds18b20_read_2bits(){
  62   1              uchar i, b2;
  63   1              for(i=2;i>0;i--){
  64   2                      DQ = 0;                 
  65   2                      delay(1);               
  66   2                      DQ = 1;                 
  67   2                      b2 <<= 1;               
  68   2                      if(DQ)                  
  69   2                              b2 |= 0x10;             
  70   2                      delay(11);      
  71   2              }
  72   1      
  73   1              return b2;
  74   1      }
  75          
  76          uchar ds18b20_read(){
  77   1              uchar i, byte = 0;
  78   1              for(i=8;i>0;i--){
  79   2                      DQ = 0;                 
  80   2                      delay(1);               
  81   2                      DQ = 1;                 
  82   2                      byte >>= 1;             
  83   2                      if(DQ)                  
  84   2                              byte |= 0x80;           
  85   2                      delay(11);
  86   2              }
  87   1              return byte;    
  88   1      }
  89          
  90          uchar ds18b20_read_temp1(){
  91   1              uchar templ, temph, tt;
  92   1              uint t;
  93   1              ds18b20_init();            
  94   1              ds18b20_write(0XCC);       
  95   1              ds18b20_write(0x44);
  96   1      
  97   1              ds18b20_init();          
  98   1              ds18b20_write(0xcc);      
  99   1              ds18b20_write(0xbe);
 100   1                       
 101   1              templ=ds18b20_read();    
 102   1              temph=ds18b20_read();     
 103   1              t = temph;
 104   1              t <<= 8;
 105   1              t = t | templ;
 106   1              tt = t * 0.0625;
 107   1                                
 108   1              return tt;                         
 109   1      }
 110          
 111          uchar* ds18b20_read_rom(){
 112   1              uchar i, rom[8];
 113   1      
 114   1              //串口初始化
 115   1              uart_init();
 116   1      
C51 COMPILER V9.01   DS18B20                                                               03/23/2018 15:21:45 PAGE 3   

 117   1              ds18b20_init();
 118   1              ds18b20_write(0x33);
 119   1      
 120   1              for(i=0;i<8;i++){
 121   2                      rom[i] = ds18b20_read();
 122   2              }
 123   1      
 124   1              return rom;
 125   1      }


MODULE INFORMATION:   STATIC OVERLAYABLE
   CODE SIZE        =    250    ----
   CONSTANT SIZE    =   ----    ----
   XDATA SIZE       =   ----    ----
   PDATA SIZE       =   ----    ----
   DATA SIZE        =     33       8
   IDATA SIZE       =   ----    ----
   BIT SIZE         =   ----    ----
END OF MODULE INFORMATION.


C51 COMPILATION COMPLETE.  0 WARNING(S),  0 ERROR(S)
