C51 COMPILER V9.01   MAIN                                                                  03/27/2018 17:41:14 PAGE 1   


C51 COMPILER V9.01, COMPILATION OF MODULE MAIN
OBJECT MODULE PLACED IN ..\Outputs\main.obj
COMPILER INVOKED BY: D:\Dev\Keil\C51\BIN\C51.EXE ..\User\main.c BROWSE INCDIR(..\User,..\Hardware) DEBUG OBJECTEXTEND PR
                    -INT(.\main.lst) OBJECT(..\Outputs\main.obj)

line level    source

   1          #include "reg51.h"
   2          #include "adc.h"
   3          #include "lcd1602.h"
   4          #include "stdio.h"
   5          
   6          #define cal(ad) ((1.0f / (ad * 0.0005f + 0.00158f)) - 7)
   7          
   8          uchar v;
   9          
  10          void display(){
  11   1              uchar str[16];
  12   1              lcd_clear();
  13   1              sprintf(str, "Distance: %.2fm", cal(v));
  14   1              lcd_display_string(1, 1, str);  
  15   1      }
  16          
  17          void main(){
  18   1              adc_init();
  19   1              lcd_simple_init();
  20   1              
  21   1              while(1){
  22   2                      uchar temp = adc_transform();
  23   2                      if(temp != v){
  24   3                              v = temp;
  25   3                              display();
  26   3                      }
  27   2              }
  28   1      }


MODULE INFORMATION:   STATIC OVERLAYABLE
   CODE SIZE        =    123    ----
   CONSTANT SIZE    =     16    ----
   XDATA SIZE       =   ----    ----
   PDATA SIZE       =   ----    ----
   DATA SIZE        =      1      17
   IDATA SIZE       =   ----    ----
   BIT SIZE         =   ----    ----
END OF MODULE INFORMATION.


C51 COMPILATION COMPLETE.  0 WARNING(S),  0 ERROR(S)
