C51 COMPILER V9.01   MAIN                                                                  03/20/2018 11:40:00 PAGE 1   


C51 COMPILER V9.01, COMPILATION OF MODULE MAIN
OBJECT MODULE PLACED IN ..\Outputs\main.obj
COMPILER INVOKED BY: D:\Dev\Keil\C51\BIN\C51.EXE ..\User\main.c BROWSE INCDIR(..\Hardware;..\User) DEBUG OBJECTEXTEND PR
                    -INT(.\main.lst) OBJECT(..\Outputs\main.obj)

line level    source

   1          #include "reg51.h"
   2          #include "uart.h"
   3          #define uint unsigned int
   4          
   5          sbit pwm = P3^7;                        //舵机的pwm信号发生端
   6          uchar count;
   7          bit flag;
   8          
   9          void main(){
  10   1              P2 = 0xff;
  11   1              IP = 0x10;
  12   1              uart_init();    
  13   1      
  14   1              TMOD |= 0x01;
  15   1              TH0 = 0xfe;
  16   1              TL0 = 0x33;
  17   1              EA = 1;
  18   1              ET0 = 1;
  19   1              TR0 = 1;        
  20   1      
  21   1              while(1){
  22   2              
  23   2              }                       
  24   1      }
  25          
  26          //从机接到主机命令时，转换状态，并转动一个角度
  27          void uart_received(uchar cmd){
  28   1              flag = !flag;
  29   1      }
*** WARNING C280 IN LINE 27 OF ..\USER\MAIN.C: 'cmd': unreferenced local variable
  30          
  31          
  32          void timer_int() interrupt 1{
  33   1              TH0 = 0xfe;
  34   1              TL0 = 0x33;
  35   1              
  36   1              if(count == 0){
  37   2                      pwm = 1;
  38   2              }
  39   1                      
  40   1              if(flag){
  41   2                      if(count == 2){
  42   3                              pwm = 0;
  43   3                      }               
  44   2              }else{
  45   2                      if(count == 4){
  46   3                              pwm = 0;
  47   3                      }
  48   2              }
  49   1              
  50   1              if(count++ >= 40){
  51   2                      count = 0;
  52   2              }       
  53   1      }
C51 COMPILER V9.01   MAIN                                                                  03/20/2018 11:40:00 PAGE 2   



MODULE INFORMATION:   STATIC OVERLAYABLE
   CODE SIZE        =     91    ----
   CONSTANT SIZE    =   ----    ----
   XDATA SIZE       =   ----    ----
   PDATA SIZE       =   ----    ----
   DATA SIZE        =      1       1
   IDATA SIZE       =   ----    ----
   BIT SIZE         =      1    ----
END OF MODULE INFORMATION.


C51 COMPILATION COMPLETE.  1 WARNING(S),  0 ERROR(S)
