C51 COMPILER V9.01   MAIN                                                                  03/09/2018 16:31:47 PAGE 1   


C51 COMPILER V9.01, COMPILATION OF MODULE MAIN
OBJECT MODULE PLACED IN main.OBJ
COMPILER INVOKED BY: D:\Dev\Keil\C51\BIN\C51.EXE main.c BROWSE DEBUG OBJECTEXTEND

line level    source

   1          #include <reg51.h>
   2          #include "stepper_motor.h"
   3          
   4          sbit key = P2^0;
   5          
   6          void delay(){
   7   1              int i, j, k;
   8   1              for(i=0;i<200;i++)
   9   1                      for(j=0;j<100;j++)
  10   1                              for(k=0;k<20;k++);
  11   1      }
  12          
  13          void main(void) {
  14   1      
  15   1              sm_config(1.8f);
  16   1              sm_init(SM_DIRECTION_FORWARD, 300);
  17   1              sm_start();
  18   1              
  19   1              while(1){
  20   2      //              delay();
  21   2      //              sm_speed(500);
  22   2      //              delay();
  23   2      //              sm_speed(700);
  24   2      //              delay();
  25   2      //              sm_speed(900);
  26   2              }       
  27   1      
  28   1      }


MODULE INFORMATION:   STATIC OVERLAYABLE
   CODE SIZE        =     70    ----
   CONSTANT SIZE    =   ----    ----
   XDATA SIZE       =   ----    ----
   PDATA SIZE       =   ----    ----
   DATA SIZE        =   ----    ----
   IDATA SIZE       =   ----    ----
   BIT SIZE         =   ----    ----
END OF MODULE INFORMATION.


C51 COMPILATION COMPLETE.  0 WARNING(S),  0 ERROR(S)
