C51 COMPILER V9.01   UART                                                                  03/10/2018 18:43:05 PAGE 1   


C51 COMPILER V9.01, COMPILATION OF MODULE UART
OBJECT MODULE PLACED IN ..\Outputs\uart.obj
COMPILER INVOKED BY: D:\Dev\Keil\C51\BIN\C51.EXE ..\Hardware\uart.c BROWSE INCDIR(..\Hardware;..\User) DEBUG OBJECTEXTEN
                    -D PRINT(.\uart.lst) OBJECT(..\Outputs\uart.obj)

line level    source

   1          #include "uart.h"
   2          #include "reg51.h"
   3          
   4          /**
   5          * 串口初始化
   6          */                 
   7          void uart_init(){
   8   1              TMOD = 0x20;
   9   1              TH1 = 0xfd;
  10   1              TL1 = 0xfd;
  11   1              SCON = 0x50;
  12   1              EA = 1;
  13   1              ES = 1;
  14   1              TR1 = 1;
  15   1      }
  16          
  17          /**
  18          * 串口发送数据：同步发送
  19          */
  20          void uart_send(uchar dat){
  21   1              SBUF = dat;
  22   1              while(!TI);
  23   1              TI = 0;
  24   1      }
  25          
  26          /**
  27          * 串口接收中断，接收到的数据传送给uart_received()回调函数，外部通过定义该函数获取接收到的数据
  28          */
  29          void uart_int() interrupt 4{
  30   1              if(TI) return;
  31   1              RI = 0;
  32   1              uart_received(SBUF);
  33   1      }


MODULE INFORMATION:   STATIC OVERLAYABLE
   CODE SIZE        =     93    ----
   CONSTANT SIZE    =   ----    ----
   XDATA SIZE       =   ----    ----
   PDATA SIZE       =   ----    ----
   DATA SIZE        =   ----    ----
   IDATA SIZE       =   ----    ----
   BIT SIZE         =   ----    ----
END OF MODULE INFORMATION.


C51 COMPILATION COMPLETE.  0 WARNING(S),  0 ERROR(S)
