BL51 BANKED LINKER/LOCATER V6.22                                                        04/03/2018  20:30:31  PAGE 1


BL51 BANKED LINKER/LOCATER V6.22, INVOKED BY:
D:\DEV\KEIL\C51\BIN\BL51.EXE ..\Outputs\main.obj, ..\Outputs\lcd1602.obj, ..\Outputs\uart_syn.obj, ..\Outputs\fpm10a.obj
>>  TO ..\Outputs\FPM10A_Test PRINT (.\FPM10A_Test.m51)


MEMORY MODEL: SMALL


INPUT MODULES INCLUDED:
  ..\Outputs\main.obj (MAIN)
  ..\Outputs\lcd1602.obj (LCD1602)
  ..\Outputs\uart_syn.obj (UART_SYN)
  ..\Outputs\fpm10a.obj (FPM10A)
  D:\DEV\KEIL\C51\LIB\C51S.LIB (?C_STARTUP)
  D:\DEV\KEIL\C51\LIB\C51S.LIB (?C?COPY)
  D:\DEV\KEIL\C51\LIB\C51S.LIB (?C?CLDPTR)
  D:\DEV\KEIL\C51\LIB\C51S.LIB (?C?CLDOPTR)
  D:\DEV\KEIL\C51\LIB\C51S.LIB (?C?CSTOPTR)


LINK MAP OF MODULE:  ..\Outputs\FPM10A_Test (MAIN)


            TYPE    BASE      LENGTH    RELOCATION   SEGMENT NAME
            -----------------------------------------------------

            * * * * * * *   D A T A   M E M O R Y   * * * * * * *
            REG     0000H     0008H     ABSOLUTE     "REG BANK 0"
            DATA    0008H     0020H     UNIT         _DATA_GROUP_
            DATA    0028H     000EH     UNIT         ?DT?__FPM_DELETE_TEMPLATES?FPM10A
            IDATA   0036H     0001H     UNIT         ?STACK

            * * * * * * *   C O D E   M E M O R Y   * * * * * * *
            CODE    0000H     0003H     ABSOLUTE     
            CODE    0003H     015EH     UNIT         ?C?LIB_CODE
            CODE    0161H     007BH     UNIT         ?PR?_FPM_AUTO_SEARCH?FPM10A
            CODE    01DCH     0073H     UNIT         ?PR?_VALIDATE_COMMON?FPM10A
            CODE    024FH     006BH     UNIT         ?PR?MAIN?MAIN
            CODE    02BAH     005DH     UNIT         ?CO?FPM10A
            CODE    0317H     0051H     UNIT         ?PR?__FPM_DELETE_TEMPLATES?FPM10A
            CODE    0368H     003EH     UNIT         ?PR?_FPM_ADD_TEMPLATE?FPM10A
            CODE    03A6H     002EH     UNIT         ?PR?_SEND_PACK?FPM10A
            CODE    03D4H     002DH     UNIT         ?PR?_LCD_DISPLAY_STRING?LCD1602
            CODE    0401H     002AH     UNIT         ?PR?_RECV_PACK?FPM10A
            CODE    042BH     002AH     UNIT         ?PR?_FPM_IMG2CHAR?FPM10A
            CODE    0455H     0029H     UNIT         ?PR?_LCD_INIT?LCD1602
            CODE    047EH     0029H     UNIT         ?PR?FPM_TEMPLATE_NUM?FPM10A
            CODE    04A7H     0023H     UNIT         ?PR?_LCD_DISPLAY_CHAR?LCD1602
            CODE    04CAH     0022H     UNIT         ?PR?_DELAY?LCD1602
            CODE    04ECH     0020H     UNIT         ?PR?_DELAYMS?FPM10A
            CODE    050CH     001FH     UNIT         ?CO?MAIN
            CODE    052BH     001FH     UNIT         ?PR?RECV_CMD_PACK?FPM10A
            CODE    054AH     0017H     UNIT         ?PR?SEND_PACKHEAD?FPM10A
            CODE    0561H     0014H     UNIT         ?PR?CHECK_BUSY?LCD1602
            CODE    0575H     0012H     UNIT         ?PR?FPM_CLEAR_LIB?FPM10A
            CODE    0587H     0012H     UNIT         ?PR?FPM_OPEN_LIGHT?FPM10A
            CODE    0599H     0012H     UNIT         ?PR?FPM_CLOSE_LIGHT?FPM10A
            CODE    05ABH     0012H     UNIT         ?PR?FPM_ECHO?FPM10A
BL51 BANKED LINKER/LOCATER V6.22                                                      04/03/2018  20:30:31  PAGE 2


            CODE    05BDH     000FH     UNIT         ?PR?_LCD_WRITE_COM?LCD1602
            CODE    05CCH     000FH     UNIT         ?PR?_LCD_WRITE_DATA?LCD1602
            CODE    05DBH     000FH     UNIT         ?PR?UART_INIT?UART_SYN
            CODE    05EAH     000EH     UNIT         ?PR?DELAY1S?MAIN
            CODE    05F8H     000EH     UNIT         ?PR?FPM_GENIMG?FPM10A
            CODE    0606H     000EH     UNIT         ?PR?FPM_REGMODEL?FPM10A
            CODE    0614H     000CH     UNIT         ?C_C51STARTUP
            CODE    0620H     000AH     UNIT         ?PR?FPM_INIT?FPM10A
            CODE    062AH     0008H     UNIT         ?PR?_UART_SEND?UART_SYN
            CODE    0632H     0008H     UNIT         ?PR?UART_RECEIVE?UART_SYN
            CODE    063AH     0008H     UNIT         ?PR?_FPM_DELETE_TEMPLATE?FPM10A
            CODE    0642H     0006H     UNIT         ?PR?LCD_SIMPLE_INIT?LCD1602
            CODE    0648H     0005H     UNIT         ?PR?LCD_CLEAR?LCD1602



OVERLAY MAP OF MODULE:   ..\Outputs\FPM10A_Test (MAIN)


SEGMENT                                     DATA_GROUP 
  +--> CALLED SEGMENT                     START    LENGTH
---------------------------------------------------------
?C_C51STARTUP                             -----    -----
  +--> ?PR?MAIN?MAIN

?PR?MAIN?MAIN                             0008H    0002H
  +--> ?PR?LCD_SIMPLE_INIT?LCD1602
  +--> ?PR?FPM_INIT?FPM10A
  +--> ?CO?MAIN
  +--> ?PR?_LCD_DISPLAY_STRING?LCD1602
  +--> ?PR?_FPM_AUTO_SEARCH?FPM10A
  +--> ?PR?FPM_TEMPLATE_NUM?FPM10A
  +--> ?PR?_FPM_ADD_TEMPLATE?FPM10A

?PR?LCD_SIMPLE_INIT?LCD1602               -----    -----
  +--> ?PR?_LCD_INIT?LCD1602

?PR?_LCD_INIT?LCD1602                     000AH    0002H
  +--> ?PR?_LCD_WRITE_COM?LCD1602
  +--> ?PR?LCD_CLEAR?LCD1602

?PR?_LCD_WRITE_COM?LCD1602                -----    -----
  +--> ?PR?CHECK_BUSY?LCD1602
  +--> ?PR?_DELAY?LCD1602

?PR?LCD_CLEAR?LCD1602                     -----    -----
  +--> ?PR?_LCD_WRITE_COM?LCD1602

?PR?FPM_INIT?FPM10A                       -----    -----
  +--> ?PR?UART_INIT?UART_SYN
  +--> ?PR?_DELAYMS?FPM10A

?PR?_LCD_DISPLAY_STRING?LCD1602           000AH    0005H
  +--> ?PR?_LCD_DISPLAY_CHAR?LCD1602

?PR?_LCD_DISPLAY_CHAR?LCD1602             000FH    0001H
  +--> ?PR?_LCD_WRITE_COM?LCD1602
BL51 BANKED LINKER/LOCATER V6.22                                                      04/03/2018  20:30:31  PAGE 3


  +--> ?PR?_LCD_WRITE_DATA?LCD1602

?PR?_LCD_WRITE_DATA?LCD1602               -----    -----
  +--> ?PR?CHECK_BUSY?LCD1602
  +--> ?PR?_DELAY?LCD1602

?PR?_FPM_AUTO_SEARCH?FPM10A               000AH    0016H
  +--> ?CO?FPM10A
  +--> ?PR?SEND_PACKHEAD?FPM10A
  +--> ?PR?_SEND_PACK?FPM10A
  +--> ?PR?_RECV_PACK?FPM10A

?PR?SEND_PACKHEAD?FPM10A                  0020H    0001H
  +--> ?CO?FPM10A
  +--> ?PR?_UART_SEND?UART_SYN

?PR?_SEND_PACK?FPM10A                     0020H    0005H
  +--> ?PR?_UART_SEND?UART_SYN

?PR?_RECV_PACK?FPM10A                     0023H    0005H
  +--> ?PR?UART_RECEIVE?UART_SYN

?PR?FPM_TEMPLATE_NUM?FPM10A               000AH    000EH
  +--> ?PR?SEND_PACKHEAD?FPM10A
  +--> ?CO?FPM10A
  +--> ?PR?_SEND_PACK?FPM10A
  +--> ?PR?_RECV_PACK?FPM10A

?PR?_FPM_ADD_TEMPLATE?FPM10A              000AH    000DH
  +--> ?CO?FPM10A
  +--> ?PR?SEND_PACKHEAD?FPM10A
  +--> ?PR?_SEND_PACK?FPM10A
  +--> ?PR?RECV_CMD_PACK?FPM10A

?PR?RECV_CMD_PACK?FPM10A                  0017H    000CH
  +--> ?PR?_RECV_PACK?FPM10A
  +--> ?PR?_VALIDATE_COMMON?FPM10A

?PR?_VALIDATE_COMMON?FPM10A               0023H    0005H
  +--> ?CO?FPM10A



SYMBOL TABLE OF MODULE:  ..\Outputs\FPM10A_Test (MAIN)

  VALUE           TYPE          NAME
  ----------------------------------

  -------         MODULE        MAIN
  C:0000H         SYMBOL        _ICE_DUMMY_
  D:00A0H         PUBLIC        P2
  D:00B0H         PUBLIC        P3
  C:024FH         PUBLIC        main
  B:00A0H.6       PUBLIC        led
  C:05EAH         PUBLIC        delay1s
  B:00B0H.5       PUBLIC        key
  -------         PROC          DELAY1S
BL51 BANKED LINKER/LOCATER V6.22                                                      04/03/2018  20:30:31  PAGE 4


  -------         DO            
  D:0005H         SYMBOL        a
  D:0006H         SYMBOL        b
  D:0007H         SYMBOL        c
  -------         ENDDO         
  C:05EAH         LINE#         11
  C:05EAH         LINE#         12
  C:05EAH         LINE#         14
  C:05ECH         LINE#         15
  C:05EEH         LINE#         16
  C:05F6H         LINE#         17
  C:05F7H         LINE#         18
  -------         ENDPROC       DELAY1S
  -------         PROC          MAIN
  -------         DO            
  D:0008H         SYMBOL        num
  -------         ENDDO         
  C:024FH         LINE#         20
  C:024FH         LINE#         23
  C:0252H         LINE#         24
  C:0255H         LINE#         26
  C:0262H         LINE#         29
  C:0275H         LINE#         30
  C:027FH         LINE#         31
  C:0281H         LINE#         32
  C:0288H         LINE#         33
  C:028FH         LINE#         34
  C:02A3H         LINE#         35
  C:02B0H         LINE#         36
  C:02B0H         LINE#         37
  C:02B0H         LINE#         73
  C:02B0H         LINE#         76
  C:02B3H         LINE#         77
  C:02B5H         LINE#         78
  -------         ENDPROC       MAIN
  -------         ENDMOD        MAIN

  -------         MODULE        LCD1602
  C:0000H         SYMBOL        _ICE_DUMMY_
  D:0080H         PUBLIC        P0
  D:00B0H         PUBLIC        P3
  C:03D4H         PUBLIC        _lcd_display_string
  C:04A7H         PUBLIC        _lcd_display_char
  C:04DBH         SYMBOL        _delay
  B:00B0H.7       PUBLIC        EN
  C:0648H         PUBLIC        lcd_clear
  B:00B0H.5       PUBLIC        RS
  C:0561H         SYMBOL        check_busy
  B:00B0H.6       PUBLIC        RW
  C:0642H         PUBLIC        lcd_simple_init
  C:05CCH         PUBLIC        _lcd_write_data
  C:0455H         PUBLIC        _lcd_init
  C:05BDH         PUBLIC        _lcd_write_com
  -------         PROC          L?0027
  -------         ENDPROC       L?0027
  -------         PROC          _DELAY
  D:0007H         SYMBOL        t
BL51 BANKED LINKER/LOCATER V6.22                                                      04/03/2018  20:30:31  PAGE 5


  -------         DO            
  D:0006H         SYMBOL        i
  D:0005H         SYMBOL        j
  -------         ENDDO         
  C:04DBH         LINE#         12
  C:04DBH         LINE#         14
  C:04E2H         LINE#         15
  C:04E8H         LINE#         16
  C:04EBH         LINE#         17
  -------         ENDPROC       _DELAY
  -------         PROC          CHECK_BUSY
  -------         DO            
  D:0007H         SYMBOL        t
  -------         ENDDO         
  C:0561H         LINE#         22
  C:0561H         LINE#         24
  C:0563H         LINE#         25
  C:0565H         LINE#         26
  C:0567H         LINE#         27
  C:0567H         LINE#         28
  C:056AH         LINE#         29
  C:056CH         LINE#         30
  C:056EH         LINE#         31
  C:0570H         LINE#         33
  C:0574H         LINE#         34
  -------         ENDPROC       CHECK_BUSY
  -------         PROC          _LCD_INIT
  D:000AH         SYMBOL        cursor_ena
  D:000BH         SYMBOL        bling_ena
  C:0455H         LINE#         46
  C:0459H         LINE#         47
  C:045EH         LINE#         49
  C:0463H         LINE#         50
  C:0468H         LINE#         51
  C:046DH         LINE#         52
  C:046FH         LINE#         53
  C:046FH         LINE#         54
  C:0471H         LINE#         55
  C:0476H         LINE#         56
  C:0476H         LINE#         58
  C:047BH         LINE#         60
  -------         ENDPROC       _LCD_INIT
  -------         PROC          LCD_SIMPLE_INIT
  C:0642H         LINE#         66
  C:0642H         LINE#         67
  -------         ENDPROC       LCD_SIMPLE_INIT
  -------         PROC          LCD_CLEAR
  C:0648H         LINE#         73
  C:0648H         LINE#         74
  -------         ENDPROC       LCD_CLEAR
  -------         PROC          _LCD_DISPLAY_CHAR
  D:0007H         SYMBOL        line
  D:0005H         SYMBOL        pos
  D:000FH         SYMBOL        ch
  C:04A7H         LINE#         83
  C:04A9H         LINE#         84
  C:04B8H         LINE#         86
BL51 BANKED LINKER/LOCATER V6.22                                                      04/03/2018  20:30:31  PAGE 6


  C:04C4H         LINE#         87
  C:04C9H         LINE#         88
  -------         ENDPROC       _LCD_DISPLAY_CHAR
  -------         PROC          _LCD_DISPLAY_STRING
  D:000AH         SYMBOL        line
  D:000BH         SYMBOL        pos
  D:000CH         SYMBOL        str
  C:03D4H         LINE#         96
  C:03DEH         LINE#         97
  C:03EAH         LINE#         98
  C:03F3H         LINE#         99
  C:03FEH         LINE#         100
  C:0400H         LINE#         101
  -------         ENDPROC       _LCD_DISPLAY_STRING
  -------         PROC          _LCD_WRITE_COM
  D:0004H         SYMBOL        com
  C:05BDH         LINE#         106
  C:05BFH         LINE#         107
  C:05C2H         LINE#         108
  C:05C4H         LINE#         109
  C:05C6H         LINE#         110
  C:05C6H         LINE#         111
  C:05C6H         LINE#         112
  C:05C6H         LINE#         113
  C:05C6H         LINE#         114
  C:05C6H         LINE#         115
  C:05C6H         LINE#         116
  C:05C9H         LINE#         117
  C:05CBH         LINE#         118
  -------         ENDPROC       _LCD_WRITE_COM
  -------         PROC          _LCD_WRITE_DATA
  D:0004H         SYMBOL        value
  C:05CCH         LINE#         123
  C:05CEH         LINE#         124
  C:05D1H         LINE#         125
  C:05D3H         LINE#         126
  C:05D5H         LINE#         127
  C:05D5H         LINE#         128
  C:05D5H         LINE#         129
  C:05D5H         LINE#         130
  C:05D5H         LINE#         131
  C:05D5H         LINE#         132
  C:05D5H         LINE#         133
  C:05D8H         LINE#         134
  C:05DAH         LINE#         135
  -------         ENDPROC       _LCD_WRITE_DATA
  -------         ENDMOD        LCD1602

  -------         MODULE        UART_SYN
  C:0000H         SYMBOL        _ICE_DUMMY_
  C:0632H         PUBLIC        uart_receive
  B:0098H.0       PUBLIC        RI
  B:0098H.1       PUBLIC        TI
  D:0099H         PUBLIC        SBUF
  D:0098H         PUBLIC        SCON
  D:0089H         PUBLIC        TMOD
  C:062AH         PUBLIC        _uart_send
BL51 BANKED LINKER/LOCATER V6.22                                                      04/03/2018  20:30:31  PAGE 7


  D:008DH         PUBLIC        TH1
  D:008BH         PUBLIC        TL1
  C:05DBH         PUBLIC        uart_init
  B:0088H.6       PUBLIC        TR1
  -------         PROC          UART_INIT
  C:05DBH         LINE#         7
  C:05DBH         LINE#         8
  C:05DEH         LINE#         9
  C:05E1H         LINE#         10
  C:05E4H         LINE#         11
  C:05E7H         LINE#         12
  C:05E9H         LINE#         13
  -------         ENDPROC       UART_INIT
  -------         PROC          _UART_SEND
  D:0007H         SYMBOL        dat
  C:062AH         LINE#         18
  C:062AH         LINE#         19
  C:062CH         LINE#         20
  C:062FH         LINE#         21
  C:0631H         LINE#         22
  -------         ENDPROC       _UART_SEND
  -------         PROC          UART_RECEIVE
  C:0632H         LINE#         27
  C:0632H         LINE#         28
  C:0635H         LINE#         29
  C:0637H         LINE#         30
  C:0639H         LINE#         31
  -------         ENDPROC       UART_RECEIVE
  -------         ENDMOD        UART_SYN

  -------         MODULE        FPM10A
  C:0000H         SYMBOL        _ICE_DUMMY_
  D:00A0H         PUBLIC        P2
  C:02C0H         PUBLIC        cmd_genimg
  C:0368H         PUBLIC        _fpm_add_template
  C:05F8H         PUBLIC        fpm_genimg
  C:02D4H         PUBLIC        cmd_template_num
  C:02E6H         PUBLIC        cmd_close_light
  C:03AAH         SYMBOL        _send_pack
  C:0317H         SYMBOL        __fpm_delete_templates
  C:0401H         SYMBOL        _recv_pack
  C:02BAH         PUBLIC        packhead
  C:02ECH         PUBLIC        cmd_echo
  C:042BH         PUBLIC        _fpm_img2char
  C:02DAH         PUBLIC        cmd_clear_lib
  C:047EH         PUBLIC        fpm_template_num
  C:0599H         PUBLIC        fpm_close_light
  C:0161H         PUBLIC        _fpm_auto_search
  C:01DCH         SYMBOL        _validate_common
  C:02F2H         SYMBOL        _?ix1000
  C:054AH         SYMBOL        send_packhead
  C:02FCH         SYMBOL        _?ix1001
  C:0307H         SYMBOL        _?ix1002
  C:02E0H         PUBLIC        cmd_open_light
  C:05ABH         PUBLIC        fpm_echo
  C:0575H         PUBLIC        fpm_clear_lib
  C:052BH         SYMBOL        recv_cmd_pack
BL51 BANKED LINKER/LOCATER V6.22                                                      04/03/2018  20:30:31  PAGE 8


  C:0587H         PUBLIC        fpm_open_light
  C:02C6H         PUBLIC        cmd_img2char1
  C:02CDH         PUBLIC        cmd_img2char2
  C:0620H         PUBLIC        fpm_init
  C:063AH         PUBLIC        _fpm_delete_template
  C:02CEH         PUBLIC        cmd_regmodel
  C:04ECH         SYMBOL        _delayms
  C:0606H         PUBLIC        fpm_regmodel
  -------         PROC          _DELAYMS
  D:0006H         SYMBOL        t
  -------         DO            
  D:0004H         SYMBOL        i
  D:0002H         SYMBOL        j
  -------         ENDDO         
  C:04ECH         LINE#         21
  C:04ECH         LINE#         23
  C:04F6H         LINE#         24
  C:050BH         LINE#         25
  -------         ENDPROC       _DELAYMS
  -------         PROC          _VALIDATE_COMMON
  D:0023H         SYMBOL        pack
  -------         DO            
  D:0007H         SYMBOL        i
  D:0026H         SYMBOL        sum
  D:0006H         SYMBOL        temp
  -------         ENDDO         
  C:01DCH         LINE#         30
  C:01E2H         LINE#         33
  C:01E4H         LINE#         34
  C:01FBH         LINE#         35
  C:01FDH         LINE#         36
  C:01FDH         LINE#         37
  C:0201H         LINE#         38
  C:0233H         LINE#         39
  C:0239H         LINE#         40
  C:023AH         LINE#         41
  C:0241H         LINE#         42
  C:024BH         LINE#         43
  C:024DH         LINE#         44
  C:024DH         LINE#         46
  C:024EH         LINE#         47
  -------         ENDPROC       _VALIDATE_COMMON
  -------         PROC          SEND_PACKHEAD
  -------         DO            
  D:0020H         SYMBOL        i
  -------         ENDDO         
  C:054AH         LINE#         52
  C:054AH         LINE#         54
  C:054DH         LINE#         55
  C:0557H         LINE#         56
  C:0560H         LINE#         57
  -------         ENDPROC       SEND_PACKHEAD
  -------         PROC          L?0051
  -------         ENDPROC       L?0051
  -------         PROC          _SEND_PACK
  D:0020H         SYMBOL        pack
  D:0023H         SYMBOL        length
BL51 BANKED LINKER/LOCATER V6.22                                                      04/03/2018  20:30:31  PAGE 9


  -------         DO            
  D:0024H         SYMBOL        i
  -------         ENDDO         
  C:03AAH         LINE#         64
  C:03B2H         LINE#         66
  C:03BCH         LINE#         67
  C:03CFH         LINE#         68
  C:03D3H         LINE#         69
  -------         ENDPROC       _SEND_PACK
  -------         PROC          _RECV_PACK
  D:0023H         SYMBOL        pack
  D:0026H         SYMBOL        length
  -------         DO            
  D:0027H         SYMBOL        i
  -------         ENDDO         
  C:0401H         LINE#         76
  C:0409H         LINE#         78
  C:0413H         LINE#         79
  C:0426H         LINE#         80
  C:042AH         LINE#         81
  -------         ENDPROC       _RECV_PACK
  -------         PROC          RECV_CMD_PACK
  -------         DO            
  D:0017H         SYMBOL        recv
  -------         ENDDO         
  C:052BH         LINE#         87
  C:052BH         LINE#         90
  C:0536H         LINE#         92
  C:0541H         LINE#         93
  C:0544H         LINE#         94
  C:0544H         LINE#         96
  C:0547H         LINE#         97
  C:0549H         LINE#         98
  -------         ENDPROC       RECV_CMD_PACK
  -------         PROC          __FPM_DELETE_TEMPLATES
  D:0028H         SYMBOL        index
  D:002AH         SYMBOL        num
  -------         DO            
  D:002CH         SYMBOL        cmd
  D:0004H         SYMBOL        sum
  -------         ENDDO         
  C:0317H         LINE#         106
  C:031FH         LINE#         107
  C:0332H         LINE#         110
  C:0336H         LINE#         111
  C:0339H         LINE#         113
  C:033DH         LINE#         114
  C:0340H         LINE#         116
  C:0352H         LINE#         117
  C:0354H         LINE#         118
  C:0356H         LINE#         120
  C:0359H         LINE#         121
  C:0364H         LINE#         123
  C:0367H         LINE#         124
  -------         ENDPROC       __FPM_DELETE_TEMPLATES
  -------         PROC          FPM_INIT
  C:0620H         LINE#         131
BL51 BANKED LINKER/LOCATER V6.22                                                      04/03/2018  20:30:31  PAGE 10


  C:0620H         LINE#         132
  C:0623H         LINE#         133
  -------         ENDPROC       FPM_INIT
  -------         PROC          FPM_GENIMG
  C:05F8H         LINE#         144
  C:05F8H         LINE#         145
  C:05FBH         LINE#         146
  C:0602H         LINE#         147
  C:0605H         LINE#         148
  -------         ENDPROC       FPM_GENIMG
  -------         PROC          _FPM_IMG2CHAR
  D:0007H         SYMBOL        which
  C:042BH         LINE#         155
  C:042BH         LINE#         156
  C:0433H         LINE#         157
  C:0433H         LINE#         158
  C:0436H         LINE#         159
  C:043CH         LINE#         160
  C:043EH         LINE#         161
  C:043EH         LINE#         162
  C:0441H         LINE#         163
  C:044CH         LINE#         164
  C:044EH         LINE#         165
  C:044EH         LINE#         166
  C:0451H         LINE#         167
  C:0451H         LINE#         168
  C:0454H         LINE#         169
  -------         ENDPROC       _FPM_IMG2CHAR
  -------         PROC          FPM_REGMODEL
  C:0606H         LINE#         175
  C:0606H         LINE#         176
  C:0609H         LINE#         177
  C:0610H         LINE#         178
  C:0613H         LINE#         179
  -------         ENDPROC       FPM_REGMODEL
  -------         PROC          _FPM_ADD_TEMPLATE
  D:000AH         SYMBOL        index
  -------         DO            
  D:000CH         SYMBOL        cmd
  D:0004H         SYMBOL        sum
  -------         ENDDO         
  C:0368H         LINE#         186
  C:036CH         LINE#         187
  C:037FH         LINE#         190
  C:0383H         LINE#         191
  C:0386H         LINE#         192
  C:0390H         LINE#         193
  C:0392H         LINE#         194
  C:0394H         LINE#         196
  C:0397H         LINE#         197
  C:03A2H         LINE#         199
  C:03A5H         LINE#         200
  -------         ENDPROC       _FPM_ADD_TEMPLATE
  -------         PROC          FPM_TEMPLATE_NUM
  -------         DO            
  D:000AH         SYMBOL        recv
  D:0006H         SYMBOL        num
BL51 BANKED LINKER/LOCATER V6.22                                                      04/03/2018  20:30:31  PAGE 11


  -------         ENDDO         
  C:047EH         LINE#         206
  C:047EH         LINE#         209
  C:0481H         LINE#         210
  C:048CH         LINE#         211
  C:0497H         LINE#         212
  C:049BH         LINE#         213
  C:049DH         LINE#         214
  C:049FH         LINE#         215
  C:04A2H         LINE#         217
  C:04A3H         LINE#         218
  C:04A3H         LINE#         219
  C:04A6H         LINE#         220
  -------         ENDPROC       FPM_TEMPLATE_NUM
  -------         PROC          FPM_CLEAR_LIB
  C:0575H         LINE#         226
  C:0575H         LINE#         227
  C:0578H         LINE#         228
  C:0583H         LINE#         229
  C:0586H         LINE#         230
  -------         ENDPROC       FPM_CLEAR_LIB
  -------         PROC          _FPM_DELETE_TEMPLATE
  D:0006H         SYMBOL        index
  C:063AH         LINE#         237
  C:063AH         LINE#         238
  C:0641H         LINE#         239
  -------         ENDPROC       _FPM_DELETE_TEMPLATE
  -------         PROC          _FPM_AUTO_SEARCH
  D:000AH         SYMBOL        index
  D:000CH         SYMBOL        num
  -------         DO            
  D:000EH         SYMBOL        cmd
  D:001EH         SYMBOL        sum
  -------         ENDDO         
  C:0161H         LINE#         247
  C:0169H         LINE#         248
  C:017CH         LINE#         250
  C:0180H         LINE#         251
  C:0183H         LINE#         252
  C:0187H         LINE#         253
  C:018AH         LINE#         254
  C:019DH         LINE#         255
  C:019FH         LINE#         256
  C:01A2H         LINE#         258
  C:01A5H         LINE#         259
  C:01B0H         LINE#         262
  C:01BBH         LINE#         263
  C:01BFH         LINE#         265
  C:01C3H         LINE#         266
  C:01C8H         LINE#         267
  C:01CFH         LINE#         268
  C:01D3H         LINE#         270
  C:01D8H         LINE#         271
  C:01D8H         LINE#         273
  C:01DBH         LINE#         274
  -------         ENDPROC       _FPM_AUTO_SEARCH
  -------         PROC          FPM_OPEN_LIGHT
BL51 BANKED LINKER/LOCATER V6.22                                                      04/03/2018  20:30:31  PAGE 12


  C:0587H         LINE#         280
  C:0587H         LINE#         281
  C:058AH         LINE#         282
  C:0595H         LINE#         283
  C:0598H         LINE#         284
  -------         ENDPROC       FPM_OPEN_LIGHT
  -------         PROC          FPM_CLOSE_LIGHT
  C:0599H         LINE#         290
  C:0599H         LINE#         291
  C:059CH         LINE#         292
  C:05A7H         LINE#         293
  C:05AAH         LINE#         294
  -------         ENDPROC       FPM_CLOSE_LIGHT
  -------         PROC          FPM_ECHO
  C:05ABH         LINE#         300
  C:05ABH         LINE#         301
  C:05AEH         LINE#         302
  C:05B9H         LINE#         303
  C:05BCH         LINE#         304
  -------         ENDPROC       FPM_ECHO
  -------         ENDMOD        FPM10A

  -------         MODULE        ?C?COPY
  C:00D3H         PUBLIC        ?C?COPY
  -------         ENDMOD        ?C?COPY

  -------         MODULE        ?C?CLDPTR
  C:00F9H         PUBLIC        ?C?CLDPTR
  -------         ENDMOD        ?C?CLDPTR

  -------         MODULE        ?C?CLDOPTR
  C:0112H         PUBLIC        ?C?CLDOPTR
  -------         ENDMOD        ?C?CLDOPTR

  -------         MODULE        ?C?CSTOPTR
  C:013FH         PUBLIC        ?C?CSTOPTR
  -------         ENDMOD        ?C?CSTOPTR

*** WARNING L16: UNCALLED SEGMENT, IGNORED FOR OVERLAY PROCESS
    SEGMENT: ?PR?DELAY1S?MAIN

*** WARNING L16: UNCALLED SEGMENT, IGNORED FOR OVERLAY PROCESS
    SEGMENT: ?PR?FPM_GENIMG?FPM10A

*** WARNING L16: UNCALLED SEGMENT, IGNORED FOR OVERLAY PROCESS
    SEGMENT: ?PR?_FPM_IMG2CHAR?FPM10A

*** WARNING L16: UNCALLED SEGMENT, IGNORED FOR OVERLAY PROCESS
    SEGMENT: ?PR?FPM_REGMODEL?FPM10A

*** WARNING L16: UNCALLED SEGMENT, IGNORED FOR OVERLAY PROCESS
    SEGMENT: ?PR?FPM_CLEAR_LIB?FPM10A

*** WARNING L16: UNCALLED SEGMENT, IGNORED FOR OVERLAY PROCESS
    SEGMENT: ?PR?_FPM_DELETE_TEMPLATE?FPM10A

*** WARNING L16: UNCALLED SEGMENT, IGNORED FOR OVERLAY PROCESS
BL51 BANKED LINKER/LOCATER V6.22                                                      04/03/2018  20:30:31  PAGE 13


    SEGMENT: ?PR?FPM_OPEN_LIGHT?FPM10A

*** WARNING L16: UNCALLED SEGMENT, IGNORED FOR OVERLAY PROCESS
    SEGMENT: ?PR?FPM_CLOSE_LIGHT?FPM10A

*** WARNING L16: UNCALLED SEGMENT, IGNORED FOR OVERLAY PROCESS
    SEGMENT: ?PR?FPM_ECHO?FPM10A

Program Size: data=55.0 xdata=0 code=1613
LINK/LOCATE RUN COMPLETE.  9 WARNING(S),  0 ERROR(S)
