C51 COMPILER V9.01   LCD1602                                                               04/22/2018 11:38:23 PAGE 1   


C51 COMPILER V9.01, COMPILATION OF MODULE LCD1602
OBJECT MODULE PLACED IN ..\Outputs\lcd1602.obj
COMPILER INVOKED BY: D:\Dev\Keil\C51\BIN\C51.EXE ..\Hardware\lcd1602.c BROWSE INCDIR(..\User,..\Hardware) DEBUG OBJECTEX
                    -TEND PRINT(.\lcd1602.lst) OBJECT(..\Outputs\lcd1602.obj)

line level    source

   1          #include "lcd1602.h"
   2          #include "reg51.h"
   3          #define OUT P0
   4          
   5          sbit RS = P2^6;
   6          sbit RW = P2^5;
   7          sbit EN = P2^7;
   8          
   9          /**
  10          * 内部延时程序
  11          */
  12          static void delay(uchar t){
  13   1              uchar i, j;
  14   1              for(i=0;i<t;i++){
  15   2                      for(j=0;j<50;j++);
  16   2              }
  17   1      }
  18          
  19          /**
  20          * LCD1602 测忙
  21          */
  22          static void check_busy(){
  23   1              uchar t;
  24   1              RS = 0;         //操作命令
  25   1              RW = 1;         //读操作
  26   1              EN = 0;
  27   1              while(1){
  28   2                      OUT = 0xff;
  29   2                      EN = 1;
  30   2                      t = OUT;
  31   2                      EN = 0;
  32   2                      //检查最高位BF是否为0，是0则为不忙状态
  33   2                      if(!(t & 0x80))
  34   2                              break;
  35   2              }
  36   1      }
  37          
  38          /**
  39          * LCD1602 初始化
  40          * 初始化包含以下操作：
  41          *               1. 显示器的初始化
  42          *               2. 显示模式设置（是否有光标、光标是否闪烁）
  43          *               3. 书写模式设置（由左向右、由右向左、屏幕移动）
  44          *               4. 清屏
  45          */
  46          void lcd_init(uchar cursor_ena, uchar bling_ena){
  47   1              lcd_write_com(DISPLAY_INIT);
  48   1      
  49   1              if(cursor_ena == ENABLE){
  50   2                      lcd_write_com(DISPLAY_ON_CURSOR);
  51   2                      if(bling_ena == ENABLE){
  52   3                              lcd_write_com(DISPLAY_ON_CURSOR_BLING); 
  53   3                      }       
  54   2              }else{
C51 COMPILER V9.01   LCD1602                                                               04/22/2018 11:38:23 PAGE 2   

  55   2                      lcd_write_com(DISPLAY_ON_NO_CURSOR);
  56   2              }
  57   1      
  58   1              lcd_write_com(WRITE_DIR_RIGHT);
  59   1      
  60   1              lcd_clear();    
  61   1      }
  62          
  63          /**
  64          * LCD1602 简单初始化：不显示光标，书写方向由左向右
  65          */
  66          void lcd_simple_init(){
  67   1              lcd_init(DISABLE, DISABLE);     
  68   1      }
  69          
  70          /**
  71          * LCD1602 清屏
  72          */
  73          void lcd_clear(){
  74   1              lcd_write_com(OPERATION_CLEAR); 
  75   1      }
  76          
  77          /**
  78          * LCD1602 在屏幕上显示一个字符
  79          * @param line 显示的行数（不可大于2）
  80          * @param pos  显示的位置（不可大于16）
  81          * @param ch       需要显示的字符
  82          */
  83          void lcd_display_char(uchar line, uchar pos, char ch){
  84   1              if(line == 0 || line > 2 || pos == 0 || pos > 16)
  85   1                      return;
  86   1              lcd_write_com(START_POSITION + (line - 1) * POSITION_OFFSET + pos - 1);
  87   1              lcd_write_data(ch);     
  88   1      }
  89          
  90          /**
  91          * LCD1602 在屏幕上显示字符串
  92          * @param line 显示的行数（不可大于2）
  93          * @param pos  显示的位置（不可大于16）
  94          * @param str  需要显示的字符串
  95          */
  96          void lcd_display_string(uchar line, uchar pos, char* str){
  97   1              while(*str){
  98   2                      lcd_display_char(line, pos++, *str);
  99   2                      str++;
 100   2              }       
 101   1      }
 102          
 103          /**
 104          * LCD1602 写入指令
 105          */
 106          void lcd_write_com(uchar com){
 107   1              check_busy();
 108   1              EN = 0;
 109   1              RS = 0;                 //操作指令
 110   1              delay(1);
 111   1              RW = 0;                 //写操作
 112   1              delay(1);
 113   1              OUT = com;              //写入指令
 114   1              delay(1);       
 115   1              EN = 1;                 //获得上升沿
 116   1              delay(1);
C51 COMPILER V9.01   LCD1602                                                               04/22/2018 11:38:23 PAGE 3   

 117   1              EN = 0;
 118   1      }
 119          
 120          /**
 121          * LCD1602 写入数据
 122          */
 123          void lcd_write_data(uchar value){
 124   1              check_busy();
 125   1              EN = 0;
 126   1              RS = 1;                 //操作数据
 127   1              delay(1);
 128   1              RW = 0;                 //写操作
 129   1              delay(1);
 130   1              OUT = value;    //写入数据
 131   1              delay(1);       
 132   1              EN = 1;                 //获得上升沿
 133   1              delay(1);
 134   1              EN = 0;
 135   1      }


MODULE INFORMATION:   STATIC OVERLAYABLE
   CODE SIZE        =    216    ----
   CONSTANT SIZE    =   ----    ----
   XDATA SIZE       =   ----    ----
   PDATA SIZE       =   ----    ----
   DATA SIZE        =   ----       8
   IDATA SIZE       =   ----    ----
   BIT SIZE         =   ----    ----
END OF MODULE INFORMATION.


C51 COMPILATION COMPLETE.  0 WARNING(S),  0 ERROR(S)
